ARM Linker, 5.03 [Build 76] [MDK-ARM Lite]

==============================================================================

Section Cross References

    q3.o(Loadcon) refers to q3.o(MyData) for mem_block


==============================================================================

Image Symbol Table

    Local Symbols

    Symbol Name                              Value     Ov Type        Size  Object(Section)

    Loadcon                                  0x00000000   Section      328  q3.o(Loadcon)
    Q3.s                                     0x00000000   Number         0  q3.o ABSOLUTE
    literal_list                             0x00000010   Data          32  q3.o(Loadcon)
    MyData                                   0x40000000   Section      100  q3.o(MyData)
    mem_block                                0x40000000   Data         100  q3.o(MyData)

    Global Symbols

    Symbol Name                              Value     Ov Type        Size  Object(Section)

    BuildAttributes$$THM_ISAv1$ARM_ISAv4$S$PE$A:L22$X:L11$S22$IEEE1$IW$USESV6$~STKCKD$USESV7$~SHL$OSPACE$EBA8$STANDARDLIB$PRES8$EABIv2 0x00000000   Number         0  anon$$obj.o ABSOLUTE



==============================================================================

Memory Map of the image

  Image Entry point : 0x00000000

  Load Region LR_1 (Base: 0x00000000, Size: 0x000001ac, Max: 0xffffffff, ABSOLUTE)

    Execution Region ER_RO (Base: 0x00000000, Size: 0x00000148, Max: 0xffffffff, ABSOLUTE)

    Base Addr    Size         Type   Attr      Idx    E Section Name        Object

    0x00000000   0x00000148   Code   RO            2  * Loadcon             q3.o


    Execution Region ER_RW (Base: 0x40000000, Size: 0x00000064, Max: 0xffffffff, ABSOLUTE)

    Base Addr    Size         Type   Attr      Idx    E Section Name        Object

    0x40000000   0x00000064   Data   RW            1    MyData              q3.o


    Execution Region ER_ZI (Base: 0x40000064, Size: 0x00000000, Max: 0xffffffff, ABSOLUTE)

    **** No section assigned to this execution region ****


==============================================================================

Image component sizes


      Code (inc. data)   RO Data    RW Data    ZI Data      Debug   Object Name

       328         44          0        100          0        320   q3.o

    ----------------------------------------------------------------------
       328         44          0        100          0        320   Object Totals
         0          0          0          0          0          0   (incl. Generated)
         0          0          0          0          0          0   (incl. Padding)

    ----------------------------------------------------------------------
         0          0          0          0          0          0   Library Totals
         0          0          0          0          0          0   (incl. Padding)

    ----------------------------------------------------------------------

==============================================================================


      Code (inc. data)   RO Data    RW Data    ZI Data      Debug   

       328         44          0        100          0        320   Grand Totals
       328         44          0        100          0        320   ELF Image Totals
       328         44          0        100          0          0   ROM Totals

==============================================================================

    Total RO  Size (Code + RO Data)                  328 (   0.32kB)
    Total RW  Size (RW Data + ZI Data)               100 (   0.10kB)
    Total ROM Size (Code + RO Data + RW Data)        428 (   0.42kB)

==============================================================================

