ARM Linker, 5.03 [Build 76] [MDK-ARM Lite]

==============================================================================

Section Cross References

    q2.o(MyCode) refers to q2.o(MyData) for ORDERED_TABLE


==============================================================================

Image Symbol Table

    Local Symbols

    Symbol Name                              Value     Ov Type        Size  Object(Section)

    MyCode                                   0x00000000   Section      456  q2.o(MyCode)
    Q2.s                                     0x00000000   Number         0  q2.o ABSOLUTE
    Price_list                               0x00000010   Data           0  q2.o(MyCode)
    MyData                                   0x40000000   Section      400  q2.o(MyData)
    ORDERED_TABLE                            0x40000000   Data         400  q2.o(MyData)

    Global Symbols

    Symbol Name                              Value     Ov Type        Size  Object(Section)

    BuildAttributes$$THM_ISAv1$ARM_ISAv4$S$PE$A:L22$X:L11$S22$IEEE1$IW$USESV6$~STKCKD$USESV7$~SHL$OSPACE$EBA8$STANDARDLIB$PRES8$EABIv2 0x00000000   Number         0  anon$$obj.o ABSOLUTE



==============================================================================

Memory Map of the image

  Image Entry point : 0x00000000

  Load Region LR_1 (Base: 0x00000000, Size: 0x00000358, Max: 0xffffffff, ABSOLUTE)

    Execution Region ER_RO (Base: 0x00000000, Size: 0x000001c8, Max: 0xffffffff, ABSOLUTE)

    Base Addr    Size         Type   Attr      Idx    E Section Name        Object

    0x00000000   0x000001c8   Code   RO            2  * MyCode              q2.o


    Execution Region ER_RW (Base: 0x40000000, Size: 0x00000190, Max: 0xffffffff, ABSOLUTE)

    Base Addr    Size         Type   Attr      Idx    E Section Name        Object

    0x40000000   0x00000190   Data   RW            1    MyData              q2.o


    Execution Region ER_ZI (Base: 0x40000190, Size: 0x00000000, Max: 0xffffffff, ABSOLUTE)

    **** No section assigned to this execution region ****


==============================================================================

Image component sizes


      Code (inc. data)   RO Data    RW Data    ZI Data      Debug   Object Name

       456        252          0        400          0        296   q2.o

    ----------------------------------------------------------------------
       456        252          0        400          0        296   Object Totals
         0          0          0          0          0          0   (incl. Generated)
         0          0          0          0          0          0   (incl. Padding)

    ----------------------------------------------------------------------
         0          0          0          0          0          0   Library Totals
         0          0          0          0          0          0   (incl. Padding)

    ----------------------------------------------------------------------

==============================================================================


      Code (inc. data)   RO Data    RW Data    ZI Data      Debug   

       456        252          0        400          0        296   Grand Totals
       456        252          0        400          0        296   ELF Image Totals
       456        252          0        400          0          0   ROM Totals

==============================================================================

    Total RO  Size (Code + RO Data)                  456 (   0.45kB)
    Total RW  Size (RW Data + ZI Data)               400 (   0.39kB)
    Total ROM Size (Code + RO Data + RW Data)        856 (   0.84kB)

==============================================================================

